Starting End-to-End API Integration Tests...
\n--- Testing GET / ---
Status Code: 200
{'status': 'healthy', 'service': 'Advanced Multi-Hop RAG API'}
\n--- Testing DELETE /clear ---
Status Code: 200
{'status': 'success', 'message': 'All database records have been purged.'}
\n--- Testing POST /ingest-dual ---
Status Code: 500
Response Text: {"detail":"No module named 'markdown'"}
python : Traceback (most recent call last):
At line:1 char:1
+ python test_all_apis.py > 
test_output.txt 2>&1
+ ~~~~~~~~~~~~~~~~~~~~~~~~~~~~~~~~~~~~~~~~~
~~~~~
    + CategoryInfo          : NotSpecified 
   : (Traceback (most recent call last)::  
  String) [], RemoteException
    + FullyQualifiedErrorId : NativeComman 
   dError
 
  File "G:\advanced-multi-hop-rag\test_all_
apis.py", line 57, in <module>
    test_ingest_dual()
    ~~~~~~~~~~~~~~~~^^
  File "G:\advanced-multi-hop-rag\test_all_
apis.py", line 40, in test_ingest_dual
    assert response.status_code == 200
           ^^^^^^^^^^^^^^^^^^^^^^^^^^^
AssertionError
